  正在确定要还原的项目…
  所有项目均是最新的，无法还原。
e:\Projects\netch\Netch\Utils\WebUtil.cs(21,35): warning SYSLIB0014: “WebRequest.Create(string)”已过时:“WebRequest, HttpWebRequest, ServicePoint, and WebClient are obsolete. Use HttpClient instead.” (https://aka.ms/dotnet-warnings/SYSLIB0014) [e:\Projects\netch\Netch\Netch.csproj]
e:\Projects\netch\Netch\Forms\LogForm.cs(21,21): warning CS8604: “void Form.OnLoad(EventArgs e)”中的形参“e”可能传入 null 引用实参。 [e:\Projects\netch\Netch\Netch.csproj]
e:\Projects\netch\Netch\Forms\BindingForm.cs(66,47): warning CS8600: 将 null 文本或可能的 null 值转换为不可为 null 类型。 [e:\Projects\netch\Netch\Netch.csproj]
e:\Projects\netch\Netch\Forms\BindingForm.cs(66,47): warning CS8602: 解引用可能出现空引用。 [e:\Projects\netch\Netch\Netch.csproj]
e:\Projects\netch\Netch\Forms\MainForm.cs(139,47): warning CS8604: “void Dictionary<string, object>.Add(string key, object value)”中的形参“key”可能传入 null 引用实参。 [e:\Projects\netch\Netch\Netch.csproj]
e:\Projects\netch\Netch\Forms\MainForm.cs(139,55): warning CS8604: “void Dictionary<string, object>.Add(string key, object value)”中的形参“value”可能传入 null 引用实参。 [e:\Projects\netch\Netch\Netch.csproj]
e:\Projects\netch\Netch\Forms\MainForm.cs(171,51): warning CS8604: “bool Dictionary<string, object>.ContainsKey(string key)”中的形参“key”可能传入 null 引用实参。 [e:\Projects\netch\Netch\Netch.csproj]
e:\Projects\netch\Netch\Servers\WireGuard\WireGuardServer.cs(27,19): warning CS8618: 在退出构造函数时，不可为 null 的 属性 "PrivateKey" 必须包含非 null 值。请考虑添加 "required" 修饰符或将该 属性 声明为可为 null。 [e:\Projects\netch\Netch\Netch.csproj]
e:\Projects\netch\Netch\Forms\MainForm.cs(230,20): warning CS8600: 将 null 文本或可能的 null 值转换为不可为 null 类型。 [e:\Projects\netch\Netch\Netch.csproj]
e:\Projects\netch\Netch\Forms\MainForm.cs(233,9): warning CS8602: 解引用可能出现空引用。 [e:\Projects\netch\Netch\Netch.csproj]
e:\Projects\netch\Netch\Servers\SSH\SSHServer.cs(27,19): warning CS8618: 在退出构造函数时，不可为 null 的 属性 "PrivateKey" 必须包含非 null 值。请考虑添加 "required" 修饰符或将该 属性 声明为可为 null。 [e:\Projects\netch\Netch\Netch.csproj]
e:\Projects\netch\Netch\Servers\Singbox\SingboxConfigUtils.cs(67,18): error CS8120: 该 switch case 不可访问。它已由上一 case 处理或无法匹配。 [e:\Projects\netch\Netch\Netch.csproj]
e:\Projects\netch\Netch\Utils\i18N.cs(126,56): warning CS8604: “string i18N.Translate(params object[] text)”中的形参“text”可能传入 null 引用实参。 [e:\Projects\netch\Netch\Netch.csproj]
e:\Projects\netch\Netch\Utils\Utils.cs(137,17): warning CS8602: 解引用可能出现空引用。 [e:\Projects\netch\Netch\Netch.csproj]
e:\Projects\netch\Netch\Utils\NetworkInterfaceUtils.cs(96,59): warning CS8625: 无法将 null 字面量转换为非 null 的引用类型。 [e:\Projects\netch\Netch\Netch.csproj]
e:\Projects\netch\Netch\Utils\StringExtension.cs(88,25): warning SYSLIB0021: “SHA1CryptoServiceProvider”已过时:“Derived cryptographic types are obsolete. Use the Create method on the base type instead.” (https://aka.ms/dotnet-warnings/SYSLIB0021) [e:\Projects\netch\Netch\Netch.csproj]
e:\Projects\netch\Netch\Forms\SettingForm.cs(137,9): warning CS8602: 解引用可能出现空引用。 [e:\Projects\netch\Netch\Netch.csproj]
e:\Projects\netch\Netch\Forms\MainForm.cs(760,78): warning CS8600: 将 null 文本或可能的 null 值转换为不可为 null 类型。 [e:\Projects\netch\Netch\Netch.csproj]
e:\Projects\netch\Netch\Forms\MainForm.cs(760,78): warning CS8604: “int List<Mode>.IndexOf(Mode item)”中的形参“item”可能传入 null 引用实参。 [e:\Projects\netch\Netch\Netch.csproj]
e:\Projects\netch\Netch\Forms\MainForm.cs(777,20): warning CS8600: 将 null 文本或可能的 null 值转换为不可为 null 类型。 [e:\Projects\netch\Netch\Netch.csproj]
e:\Projects\netch\Netch\Forms\MainForm.cs(780,30): warning CS8602: 解引用可能出现空引用。 [e:\Projects\netch\Netch\Netch.csproj]
e:\Projects\netch\Netch\Forms\MainForm.cs(784,17): warning CS8602: 解引用可能出现空引用。 [e:\Projects\netch\Netch\Netch.csproj]
e:\Projects\netch\Netch\Forms\MainForm.cs(813,28): warning CS8600: 将 null 文本或可能的 null 值转换为不可为 null 类型。 [e:\Projects\netch\Netch\Netch.csproj]
e:\Projects\netch\Netch\Forms\MainForm.cs(813,28): warning CS8604: “void ModeService.Delete(Mode mode)”中的形参“mode”可能传入 null 引用实参。 [e:\Projects\netch\Netch\Netch.csproj]
e:\Projects\netch\Netch\Forms\MainForm.cs(1441,43): warning CS8602: 解引用可能出现空引用。 [e:\Projects\netch\Netch\Netch.csproj]
e:\Projects\netch\Netch\Interops\RouteHelper.cs(32,17): error CA1416: 可在 "Windows" 7.0 及更高版本 上访问此调用站点。"PInvoke.inet_pton(int, string, void*)" 仅在 "windows" 8.1 及更高版本 上受支持。 (https://learn.microsoft.com/dotnet/fundamentals/code-analysis/quality-rules/ca1416) [e:\Projects\netch\Netch\Netch.csproj]
e:\Projects\netch\Netch\Interops\RouteHelper.cs(38,17): error CA1416: 可在 "Windows" 7.0 及更高版本 上访问此调用站点。"PInvoke.inet_pton(int, string, void*)" 仅在 "windows" 8.1 及更高版本 上受支持。 (https://learn.microsoft.com/dotnet/fundamentals/code-analysis/quality-rules/ca1416) [e:\Projects\netch\Netch\Netch.csproj]
e:\Projects\netch\Netch\Controllers\TUNController.cs(137,70): warning VSTHRD002: Synchronously waiting on tasks or awaiters may cause deadlocks. Use await or JoinableTaskFactory.Run instead. (https://github.com/Microsoft/vs-threading/blob/main/doc/analyzers/VSTHRD002.md) [e:\Projects\netch\Netch\Netch.csproj]
e:\Projects\netch\Netch\Controllers\TUNController.cs(138,70): warning VSTHRD002: Synchronously waiting on tasks or awaiters may cause deadlocks. Use await or JoinableTaskFactory.Run instead. (https://github.com/Microsoft/vs-threading/blob/main/doc/analyzers/VSTHRD002.md) [e:\Projects\netch\Netch\Netch.csproj]
e:\Projects\netch\Netch\Utils\PortHelper.cs(59,29): error CA1416: 可在 "Windows" 7.0 及更高版本 上访问此调用站点。"PInvoke.ntohs(ushort)" 仅在 "windows" 8.1 及更高版本 上受支持。 (https://learn.microsoft.com/dotnet/fundamentals/code-analysis/quality-rules/ca1416) [e:\Projects\netch\Netch\Netch.csproj]
e:\Projects\netch\Netch\Forms\MainForm.cs(1051,27): warning VSTHRD103: Cancel synchronously blocks. Await CancelAsync instead. (https://github.com/Microsoft/vs-threading/blob/main/doc/analyzers/VSTHRD103.md) [e:\Projects\netch\Netch\Netch.csproj]
e:\Projects\netch\Netch\Forms\MainForm.cs(1052,26): warning VSTHRD103: Cancel synchronously blocks. Await CancelAsync instead. (https://github.com/Microsoft/vs-threading/blob/main/doc/analyzers/VSTHRD103.md) [e:\Projects\netch\Netch\Netch.csproj]
e:\Projects\netch\Netch\Forms\SettingForm.cs(127,34): warning VSTHRD101: Avoid using async lambda for a void returning delegate type, because any exceptions not handled by the delegate will crash the process (https://github.com/Microsoft/vs-threading/blob/main/doc/analyzers/VSTHRD101.md) [e:\Projects\netch\Netch\Netch.csproj]

生成失败。

e:\Projects\netch\Netch\Utils\WebUtil.cs(21,35): warning SYSLIB0014: “WebRequest.Create(string)”已过时:“WebRequest, HttpWebRequest, ServicePoint, and WebClient are obsolete. Use HttpClient instead.” (https://aka.ms/dotnet-warnings/SYSLIB0014) [e:\Projects\netch\Netch\Netch.csproj]
e:\Projects\netch\Netch\Forms\LogForm.cs(21,21): warning CS8604: “void Form.OnLoad(EventArgs e)”中的形参“e”可能传入 null 引用实参。 [e:\Projects\netch\Netch\Netch.csproj]
e:\Projects\netch\Netch\Forms\BindingForm.cs(66,47): warning CS8600: 将 null 文本或可能的 null 值转换为不可为 null 类型。 [e:\Projects\netch\Netch\Netch.csproj]
e:\Projects\netch\Netch\Forms\BindingForm.cs(66,47): warning CS8602: 解引用可能出现空引用。 [e:\Projects\netch\Netch\Netch.csproj]
e:\Projects\netch\Netch\Forms\MainForm.cs(139,47): warning CS8604: “void Dictionary<string, object>.Add(string key, object value)”中的形参“key”可能传入 null 引用实参。 [e:\Projects\netch\Netch\Netch.csproj]
e:\Projects\netch\Netch\Forms\MainForm.cs(139,55): warning CS8604: “void Dictionary<string, object>.Add(string key, object value)”中的形参“value”可能传入 null 引用实参。 [e:\Projects\netch\Netch\Netch.csproj]
e:\Projects\netch\Netch\Forms\MainForm.cs(171,51): warning CS8604: “bool Dictionary<string, object>.ContainsKey(string key)”中的形参“key”可能传入 null 引用实参。 [e:\Projects\netch\Netch\Netch.csproj]
e:\Projects\netch\Netch\Servers\WireGuard\WireGuardServer.cs(27,19): warning CS8618: 在退出构造函数时，不可为 null 的 属性 "PrivateKey" 必须包含非 null 值。请考虑添加 "required" 修饰符或将该 属性 声明为可为 null。 [e:\Projects\netch\Netch\Netch.csproj]
e:\Projects\netch\Netch\Forms\MainForm.cs(230,20): warning CS8600: 将 null 文本或可能的 null 值转换为不可为 null 类型。 [e:\Projects\netch\Netch\Netch.csproj]
e:\Projects\netch\Netch\Forms\MainForm.cs(233,9): warning CS8602: 解引用可能出现空引用。 [e:\Projects\netch\Netch\Netch.csproj]
e:\Projects\netch\Netch\Servers\SSH\SSHServer.cs(27,19): warning CS8618: 在退出构造函数时，不可为 null 的 属性 "PrivateKey" 必须包含非 null 值。请考虑添加 "required" 修饰符或将该 属性 声明为可为 null。 [e:\Projects\netch\Netch\Netch.csproj]
e:\Projects\netch\Netch\Utils\i18N.cs(126,56): warning CS8604: “string i18N.Translate(params object[] text)”中的形参“text”可能传入 null 引用实参。 [e:\Projects\netch\Netch\Netch.csproj]
e:\Projects\netch\Netch\Utils\Utils.cs(137,17): warning CS8602: 解引用可能出现空引用。 [e:\Projects\netch\Netch\Netch.csproj]
e:\Projects\netch\Netch\Utils\NetworkInterfaceUtils.cs(96,59): warning CS8625: 无法将 null 字面量转换为非 null 的引用类型。 [e:\Projects\netch\Netch\Netch.csproj]
e:\Projects\netch\Netch\Utils\StringExtension.cs(88,25): warning SYSLIB0021: “SHA1CryptoServiceProvider”已过时:“Derived cryptographic types are obsolete. Use the Create method on the base type instead.” (https://aka.ms/dotnet-warnings/SYSLIB0021) [e:\Projects\netch\Netch\Netch.csproj]
e:\Projects\netch\Netch\Forms\SettingForm.cs(137,9): warning CS8602: 解引用可能出现空引用。 [e:\Projects\netch\Netch\Netch.csproj]
e:\Projects\netch\Netch\Forms\MainForm.cs(760,78): warning CS8600: 将 null 文本或可能的 null 值转换为不可为 null 类型。 [e:\Projects\netch\Netch\Netch.csproj]
e:\Projects\netch\Netch\Forms\MainForm.cs(760,78): warning CS8604: “int List<Mode>.IndexOf(Mode item)”中的形参“item”可能传入 null 引用实参。 [e:\Projects\netch\Netch\Netch.csproj]
e:\Projects\netch\Netch\Forms\MainForm.cs(777,20): warning CS8600: 将 null 文本或可能的 null 值转换为不可为 null 类型。 [e:\Projects\netch\Netch\Netch.csproj]
e:\Projects\netch\Netch\Forms\MainForm.cs(780,30): warning CS8602: 解引用可能出现空引用。 [e:\Projects\netch\Netch\Netch.csproj]
e:\Projects\netch\Netch\Forms\MainForm.cs(784,17): warning CS8602: 解引用可能出现空引用。 [e:\Projects\netch\Netch\Netch.csproj]
e:\Projects\netch\Netch\Forms\MainForm.cs(813,28): warning CS8600: 将 null 文本或可能的 null 值转换为不可为 null 类型。 [e:\Projects\netch\Netch\Netch.csproj]
e:\Projects\netch\Netch\Forms\MainForm.cs(813,28): warning CS8604: “void ModeService.Delete(Mode mode)”中的形参“mode”可能传入 null 引用实参。 [e:\Projects\netch\Netch\Netch.csproj]
e:\Projects\netch\Netch\Forms\MainForm.cs(1441,43): warning CS8602: 解引用可能出现空引用。 [e:\Projects\netch\Netch\Netch.csproj]
e:\Projects\netch\Netch\Controllers\TUNController.cs(137,70): warning VSTHRD002: Synchronously waiting on tasks or awaiters may cause deadlocks. Use await or JoinableTaskFactory.Run instead. (https://github.com/Microsoft/vs-threading/blob/main/doc/analyzers/VSTHRD002.md) [e:\Projects\netch\Netch\Netch.csproj]
e:\Projects\netch\Netch\Controllers\TUNController.cs(138,70): warning VSTHRD002: Synchronously waiting on tasks or awaiters may cause deadlocks. Use await or JoinableTaskFactory.Run instead. (https://github.com/Microsoft/vs-threading/blob/main/doc/analyzers/VSTHRD002.md) [e:\Projects\netch\Netch\Netch.csproj]
e:\Projects\netch\Netch\Forms\MainForm.cs(1051,27): warning VSTHRD103: Cancel synchronously blocks. Await CancelAsync instead. (https://github.com/Microsoft/vs-threading/blob/main/doc/analyzers/VSTHRD103.md) [e:\Projects\netch\Netch\Netch.csproj]
e:\Projects\netch\Netch\Forms\MainForm.cs(1052,26): warning VSTHRD103: Cancel synchronously blocks. Await CancelAsync instead. (https://github.com/Microsoft/vs-threading/blob/main/doc/analyzers/VSTHRD103.md) [e:\Projects\netch\Netch\Netch.csproj]
e:\Projects\netch\Netch\Forms\SettingForm.cs(127,34): warning VSTHRD101: Avoid using async lambda for a void returning delegate type, because any exceptions not handled by the delegate will crash the process (https://github.com/Microsoft/vs-threading/blob/main/doc/analyzers/VSTHRD101.md) [e:\Projects\netch\Netch\Netch.csproj]
e:\Projects\netch\Netch\Servers\Singbox\SingboxConfigUtils.cs(67,18): error CS8120: 该 switch case 不可访问。它已由上一 case 处理或无法匹配。 [e:\Projects\netch\Netch\Netch.csproj]
e:\Projects\netch\Netch\Interops\RouteHelper.cs(32,17): error CA1416: 可在 "Windows" 7.0 及更高版本 上访问此调用站点。"PInvoke.inet_pton(int, string, void*)" 仅在 "windows" 8.1 及更高版本 上受支持。 (https://learn.microsoft.com/dotnet/fundamentals/code-analysis/quality-rules/ca1416) [e:\Projects\netch\Netch\Netch.csproj]
e:\Projects\netch\Netch\Interops\RouteHelper.cs(38,17): error CA1416: 可在 "Windows" 7.0 及更高版本 上访问此调用站点。"PInvoke.inet_pton(int, string, void*)" 仅在 "windows" 8.1 及更高版本 上受支持。 (https://learn.microsoft.com/dotnet/fundamentals/code-analysis/quality-rules/ca1416) [e:\Projects\netch\Netch\Netch.csproj]
e:\Projects\netch\Netch\Utils\PortHelper.cs(59,29): error CA1416: 可在 "Windows" 7.0 及更高版本 上访问此调用站点。"PInvoke.ntohs(ushort)" 仅在 "windows" 8.1 及更高版本 上受支持。 (https://learn.microsoft.com/dotnet/fundamentals/code-analysis/quality-rules/ca1416) [e:\Projects\netch\Netch\Netch.csproj]
    29 个警告
    4 个错误

已用时间 00:00:01.15
